// Jest Snapshot v1, https://goo.gl/fbAQLP

exports[`paragraph 1`] = `"<div><h1>Heading</h1><div>MyComponent</div></div>"`;
